Archive member included because of file (symbol)

../SDK/lib/libseos.a(dll.o)   ../obj/Src/main.o (sysCheckFirstRun)
../SDK/lib/libemv.a(emv_core_func.o)
                              ../obj/Src/main.o (emv_init_callback_func)
../SDK/lib/libemv.a(emvaidlist.o)
                              ../obj/Src/tranprint.o (emv_get_one_aid_info)
../SDK/lib/libemv.a(emvappselect.o)
                              ../obj/Src/Menu.o (emv_get_log_item)
../SDK/lib/libemv.a(emvcandapp.o)
                              ../SDK/lib/libemv.a(emvappselect.o) (emv_get_one_candapp)
../SDK/lib/libemv.a(emvcapk.o)
                              ../obj/Src/tranproc.o (emv_get_one_ca_public_key)
../SDK/lib/libemv.a(emvcomplete.o)
                              ../obj/Src/emvtranproc.o (emv_terminal_action_analysis)
../SDK/lib/libemv.a(emvconfigure.o)
                              ../obj/Src/main.o (emv_set_kernel_type)
../SDK/lib/libemv.a(emvcvm.o)
                              ../obj/Src/emvtranproc.o (emv_cardholder_verify)
../SDK/lib/libemv.a(emvddflist.o)
                              ../SDK/lib/libemv.a(emvappselect.o) (emv_delete_last_ddf_list)
../SDK/lib/libemv.a(emvdol.o)
                              ../SDK/lib/libemv.a(emvappselect.o) (emv_check_tag_in_dol)
../SDK/lib/libemv.a(emvdte.o)
                              ../SDK/lib/libemv.a(emvappselect.o) (emv_check_data_element_in_template)
../SDK/lib/libemv.a(emvicc.o)
                              ../obj/Src/emvtranproc.o (emv_get_last_iccard_sw)
../SDK/lib/libemv.a(emvoda.o)
                              ../obj/Src/otherfunc.o (emv_offline_data_authentication)
../SDK/lib/libemv.a(emvodalist.o)
                              ../SDK/lib/libemv.a(emvoda.o) (emv_get_odalist_num)
../SDK/lib/libemv.a(emvpinverify.o)
                              ../SDK/lib/libemv.a(emvcomplete.o) (emv_check_online_encrypted_pin)
../SDK/lib/libemv.a(emvprocrest.o)
                              ../obj/Src/emvtranproc.o (emv_process_restriction)
../SDK/lib/libemv.a(emvpubfunc.o)
                              ../SDK/lib/libemv.a(emvcandapp.o) (emv_one_to_two)
../SDK/lib/libemv.a(emvreadappdata.o)
                              ../obj/Src/otherfunc.o (emv_read_app_data)
../SDK/lib/libemv.a(emvtac.o)
                              ../SDK/lib/libemv.a(emvoda.o) (emv_extract_sdad)
../SDK/lib/libemv.a(emvtermrisk.o)
                              ../obj/Src/emvtranproc.o (emv_terminal_risk_manage)
../SDK/lib/libemv.a(emvtlv.o)
                              ../SDK/lib/libemv.a(emvappselect.o) (emv_get_len)
../SDK/lib/libemv.a(qpbocapi.o)
                              ../obj/Src/otherfunc.o (emv_qpboc_get_app_type)
../SDK/lib/libemv.a(EmvRsa.o)
                              ../SDK/lib/libemv.a(emvicc.o) (RSA_CalculateEx)
../SDK/lib/libemv.a(EmvSHA1.o)
                              ../SDK/lib/libemv.a(emvcapk.o) (EMV_SHA1_Calc)
../SDK/lib/libemv.a(qpboc_funcs.o)
                              ../SDK/lib/libemv.a(qpbocapi.o) (emv_qpboc_check_failed_log_save_flag)
../SDK/lib/libcrypto.a(perror.o)
                              ../obj/Src/Commlib.o (__errno_location)
../SDK/lib/libcrypto.a(sha1_one.o)
                              ../obj/Src/main.o (SHA1)
../SDK/lib/libcrypto.a(sha1dgst.o)
                              ../SDK/lib/libcrypto.a(sha1_one.o) (SHA1_Init)
../SDK/lib/libcrypto.a(fprintf.o)
                              ../SDK/lib/libcrypto.a(perror.o) (SYS_FPRINTF)
../SDK/lib/libcrypto.a(write.o)
                              ../SDK/lib/libcrypto.a(fprintf.o) (SYS_WRITE)
../SDK/lib/libcrypto.a(console.o)
                              ../SDK/lib/libcrypto.a(write.o) (WriteConsole)
../SDK/lib/libcrypto.a(mem_clr.o)
                              ../SDK/lib/libcrypto.a(sha1_one.o) (OPENSSL_cleanse)
../SDK/lib/libcrypto.a(fopen.o)
                              ../SDK/lib/libcrypto.a(console.o) (LocateConsole)
../SDK/lib/libcrypto.a(open.o)
                              ../SDK/lib/libcrypto.a(fopen.o) (SYS_OPEN)
../SDK/lib/liballoc.a(memmgr.o)
                              ../obj/Src/main.o (_HeapInit)
../SDK/lib/libftp.a(ftp.o)    ../obj/Src/LocalFtp.o (ftp_logout)
../SDK/lib/libftp.a(net.o)    ../SDK/lib/libftp.a(ftp.o) (Shutdown)
/cygdrive/c/ArmToolchain/bin/../lib/gcc/arm-linux-uclibc/4.1.2/libgcc.a(_udivsi3.o)
                              ../obj/Src/PosLib.o (__udivsi3)
/cygdrive/c/ArmToolchain/bin/../lib/gcc/arm-linux-uclibc/4.1.2/libgcc.a(_divsi3.o)
                              ../obj/Src/otherfunc.o (__divsi3)
/cygdrive/c/ArmToolchain/bin/../lib/gcc/arm-linux-uclibc/4.1.2/libgcc.a(_umodsi3.o)
                              ../obj/Src/PosLib.o (__umodsi3)
/cygdrive/c/ArmToolchain/bin/../lib/gcc/arm-linux-uclibc/4.1.2/libgcc.a(_modsi3.o)
                              ../obj/Src/pack8583.o (__modsi3)
/cygdrive/c/ArmToolchain/bin/../lib/gcc/arm-linux-uclibc/4.1.2/libgcc.a(_dvmd_lnx.o)
                              /cygdrive/c/ArmToolchain/bin/../lib/gcc/arm-linux-uclibc/4.1.2/libgcc.a(_udivsi3.o) (__div0)
[...]
Memory Configuration

Name             Origin             Length             Attributes
*default*        0x00000000         0xffffffff

Linker script and memory map


.text           0x28000000    0x737c4
                0x28000000                Image__text__Base = .
 *(.text .stub .text.* .gnu.linkonce.t.*)
 .text          0x28000000       0x3c ../obj/Src/init.o
                0x28000000                entry_point
 .text          0x2800003c     0x29b8 ../obj/Src/wireless.o
                0x2800081c                SetRS232Param
                0x28002120                SetWirelessParam
                0x28000a98                SetIpAddr
                0x28002748                SetWirelessIPPort
                0x28001df0                SetWIFIParam
                0x280003c8                SetAcqTransTelNo
                0x28000cfc                SetWiFiLoaclIPCfg
                0x280002b4                PreDial
                0x280025cc                SetCurCommParam
                0x28000bd0                SetTcpIpParam
                0x28001160                SelectAndSetWIFIAP
                0x28000360                SetModemParam
                0x280001e0                CheckPreDial
                0x2800003c                NacTxd
 .text          0x280029f4     0x4990 ../obj/Src/appsetup.o
                0x28002aa0                CheckParamOpen
                0x28004bdc                SetDispLanguage
                0x28002ae4                SetErrPrnTicketNum
                0x28006e2c                SetupPosPara
                0x28004dd0                DeviceTest
                0x28002cec                ChangeSafePwd
                0x280035d0                SetPrintTicketNum
                0x28004e94                SetTransFlow
                0x28006014                SetupTranFunc
                0x28002b8c                MaskTrans
                0x28006488                SetTpduOutTime
                0x28005efc                ChangePwdFunc
                0x2800380c                SetTranMaxNumber
                0x28004930                TipperSetup
                0x28005d94                SetTestStatus
                0x28006174                ClearFile
                0x28004a20                AutoLogoutSetup
                0x28003964                SetTransMask
                0x28006330                OtherFunc
                0x28005200                GenDownloadKeyFromMainPos
                0x28006910                SetCurCommType
                0x28006f70                FTPParam
                0x28004ad8                SetTranResendTime
                0x280029f4                SelectSetTwo
                0x28004d24                TestPrint
                0x28005730                SetMasterKeys
                0x28006aa8                SetupTerminalPara
                0x280036b4                SetMaxOfflineNums
                0x28002f8c                ChangeSysPwd
                0x28002cb0                DispMulLanguageString
                0x28003258                PrintParam
 .text          0x28007384      0x5dc ../obj/Src/ChkOption.o
                0x28007584                ChkIfCreditTxn
                0x28007750                ChkAcceptTxnCode
                0x280075b8                ChkIfSaleTxn
                0x280076f0                ChkExTxnLog
                0x2800752c                ChkIfDebitTxn
                0x2800782c                ChkIfBlkCard
                0x280074a4                ChkIfUpdateLog
                0x28007384                ChkIfSaveLog
                0x2800768c                ChkSetPartSaleFlag
                0x28007728                ChkOnlyEcCard
                0x28007610                ChkIfPrtDetill
 .text          0x28007960     0x2964 ../obj/Src/Commlib.o
                0x28008574                CommOnHook
                0x28009460                CommDial
                0x28009f74                CommSetCfgParam
                0x28008408                DispCommErrMsg
                0x2800a110                CommInitModule
                0x28007bac                InitWiFiModule
                0x28007960                GetCurSocket
                0x28008f08                CommTxd
                0x280079e0                GetWiFiStatus
                0x2800804c                WirelessClose
                0x28008244                CommGetErrMsg
                0x280086ac                CommRxd
 .text          0x2800a2c4      0xc9c ../obj/Src/devicetest.o
                0x2800aa84                GetKeyDescription
                0x2800ae88                PosDeviceDetect
                0x2800a5f0                LcdTest
                0x2800ad34                KeyboardTest
                0x2800a2c4                MagTest
 .text          0x2800af60      0x3e8 ../obj/Src/Display.o
                0x2800b320                Display2StringInRect
                0x2800b2cc                Display2Strings
                0x2800af60                DisplayMainPosErrMsg
                0x2800b1b4                DrawRect
                0x2800b278                DisplayProcessing
                0x2800b128                DisplayMainPosOperFailed
 .text          0x2800b348     0x1b80 ../obj/Src/getcard.o
                0x2800c530                GetTrackData
                0x2800b358                DispContackLessProcessing
                0x2800c990                DetectCardEvent
                0x2800b3e8                SelectSamAPP
                0x2800c460                ManualEntryCardNo
                0x2800bd94                MaskPan
                0x2800c6dc                ShowGetCardScreen
                0x2800c594                ManualEntryExpDate
                0x2800be24                DispCardNo
                0x2800b348                DispRemoveICC
                0x2800b3a0                DispICCProcessing
                0x2800b864                GetEdEpBalance
                0x2800ce80                IsEmvCard
                0x2800bab8                VerifyUserPwd
                0x2800c508                WaitRemoveICC
                0x2800cbcc                PosGetCard
                0x2800b9cc                GetCardNoFromTrack
                0x2800b490                CheckPSamCard
                0x2800bf14                InsertEdCardProc
                0x2800cb3c                PosGetEdCard
 .text          0x2800cec8       0x10 ../obj/Src/globalvar.o
                0x2800cec8                lcdFlip
 .text          0x2800ced8     0x2480 ../obj/Src/main.o
                0x2800ced8                CheckSupport
                0x2800e2a4                SetParaFunc
                0x2800ebb8                EMVCoreInit
                0x2800d260                GetPosCapablity
                0x2800e8a0                InitAllTransData
                0x2800ef8c                CheckPedStatus
                0x2800e754                InitCommData
                0x2800d840                CheckParamPass
                0x2800ef0c                DispResult
                0x2800d98c                DispTermInfo
                0x2800e2c4                ProcEvent
                0x2800d7b4                TxtToEnv
                0x2800f034                main
                0x2800e8e8                AppFirstRun
                0x2800d52c                PabxSetup
                0x2800da3c                ProcSelectTran
                0x2800d6f8                ReadParamsFile
                0x2800ee0c                InitPos
                0x2800e4dc                TermCheck
                0x2800e660                DispMainScreen
                0x2800e400                CheckLimitTotal
 .text          0x2800f358      0xe80 ../obj/Src/MathLib.o
                0x2800f70c                PubBcdDec
                0x2800f918                PubAscSub
                0x2800f490                PubStrUpper
                0x2800fd78                PubAscMul
                0x2800fc50                PubTrimStr
                0x2800f404                PubLong2Char
                0x2800fecc                PubAddHeadChars
                0x28010174                PubLong2Bcd
                0x2800f648                PubLow4Bit
                0x2800f6b4                PubAscInc
                0x2800f7f0                PubCalcLRC
                0x28010104                PubBcdAdd
                0x2800f65c                PubAscDec
                0x2800f440                PubChar2Long
                0x2800f390                PubBcd2Asc
                0x2800ffb8                PubAsc2Long
                0x2800fad4                PubTrimTailChars
                0x2800f4d4                PubTrimHeadChars
                0x2800fb58                PubTrimSpcStr
                0x28010008                PubAsc2Bcd
                0x2800f780                PubBcdInc
                0x2800f8c8                PubStrReverse
                0x2800f358                PubXor
                0x2800f828                PubGetCRC
                0x2800f548                PubStrNoCaseCmp
                0x2800f9f8                PubAscAdd
                0x2800ff20                PubStrLower
                0x2800f3e0                PubBcd2Asc0
                0x2800ff60                PubBcd2Long
                0x28010094                PubBcdSub
                0x2800f61c                PubHigh4Bit
 .text          0x280101d8      0x28c ../obj/Src/New8110_ICC.o
                0x2801043c                New8110_icc_Init
                0x2801028c                contactness_close
                0x280101d8                contactness_exchangeapdu
                0x280103f0                New8110_icc_poweroff
                0x2801040c                New8110_icc_powerup
                0x280101f8                contactness_poweroff
                0x28010278                contactness_poll
                0x280102c8                New8110_icc_exchange_apdu
                0x2801020c                contactness_poweredon
                0x280102ac                contactness_open
 .text          0x28010464     0x104c ../obj/Src/NewPosApi.o
                0x28010f58                OkBeep
                0x28010d0c                LongToDec
                0x28010814                BcdToLong
                0x28010a84                CheckYYMM
                0x28010f3c                FailBeep
                0x2801093c                DataHigh4Bit
                0x280113c0                DispDateTime
                0x28010790                AscToBcd
                0x28011074                OptionsSelect
                0x28010e44                ConvBcdAmount
                0x28010884                ByteToShort
                0x28010fb4                OneTwoSelect
                0x28010688                BcdToAsc
                0x28010af4                CheckTime
                0x28010710                BcdToAsc0
                0x28010968                AscToLong
                0x280108c4                dat_asclen
                0x28010464                apiConvAmount
                0x28010ee4                LongToAmount
                0x28010f90                ErrorBeep
                0x280109cc                BcdAdd
                0x2801116c                DispMenu
                0x280108a0                ShortToByte
                0x28010ba4                CheckDate
                0x28010954                DataLow4Bit
 .text          0x280114b0     0x1c1c ../obj/Src/opermanage.o
                0x280114b0                CheckTellerPwd
                0x28012bb4                SupTellerFunc
                0x28012c58                TellerManageMenu
                0x280124fc                TellerAdd
                0x280120a8                TellerDel
                0x28011698                SupChgPwd
                0x28012a94                TellerShow
                0x28012cfc                TellerLogon
                0x28011968                TellerRunLock
                0x28011ca4                TellerChgPwd
                0x280115a4                CheckSupPwd
 .text          0x280130cc     0x4180 ../obj/Src/otherfunc.o
                0x28015a20                ConvErrCode
                0x28013200                vOne2Two0
                0x28016784                calculate_dial_statics
                0x2801322c                vTwo2One
                0x28013924                DispTransName
                0x2801319c                vOne2Two
                0x280162ac                LogonFunc
                0x28013544                vNacSend
                0x28014ea0                SwipeCardProc
                0x2801511c                time_diff
                0x28013490                vBcd2Long
                0x2801610c                SelectPosManFunc
                0x28016754                init_dial_statics
                0x280130cc                IsLeapYear
                0x28014f8c                GetDays
                0x280151c8                GetTransName
                0x28013fd0                MatchTrack2AndPan
                0x28016f24                AppEnrichGetAmount
                0x28013144                AmountIsZero
                0x28016050                M1SelectPrintFunc
                0x28016350                SelectTrans
                0x28014678                GetEmvTrackData
                0x28013674                uiPortRecvBuf
                0x28016b98                AppGetAmount
                0x28015d40                dispRetCode
                0x280132d0                SetEmvTranType
                0x2801383c                ViewEmvResult
                0x280140a8                ContackCardProc
                0x28016688                write_stat_time
                0x2801403c                RemoveTailChars
                0x28015f94                SelectPrintFunc
                0x28013e18                ModifyTermCapForApp
                0x28013708                uiNacRecv
                0x280149b0                InsertCardProc
                0x28016aec                AppConfirmAmount
                0x28016990                WaitEvent
                0x28016628                GetPosTime
                0x280134d4                vLong2Bcd
                0x280150bc                GetEpoch
 .text          0x2801724c     0x5690 ../obj/Src/posfiles.o
                0x2801c704                UpdataTxnCtrlStatus
                0x2801c2b8                SaveLimitTotal
                0x28017540                ReadScriptFile
                0x2801a104                reprintTrans
                0x2801c180                ReadM1EnrichLastTotal
                0x2801c520                ReadOperFile
                0x2801b4b8                SaveBlkCard
                0x2801c660                SaveCtrlParam
                0x28018568                M1_QueryTransTotal
                0x2801afd4                DispFileErrInfo
                0x28017280                GetOfflineTxnNums
                0x28019554                queryTrans
                0x280176bc                UpdateTranLog
                0x280174b4                LoadTranLog
                0x2801c774                SaveLogFile
                0x28019f4c                PrintDetail
                0x2801c47c                WriteOperFile
                0x28017628                ReadTermAidList
                0x2801b7fc                LoadAppParam
                0x2801a5f4                ComputeTransTotal
                0x2801b41c                LoadBlkCard
                0x280196f0                queryDetail
                0x28017390                ReadYtkEnrichLog
                0x28017e40                GetTransStatusInfo
                0x2801bec4                SaveRefundDataFile
                0x280177b4                write_data
                0x280178cc                SaveM1EnrichLog
                0x2801b55c                emvLoadCAPKList
                0x2801bfac                SaveLastTotal
                0x280175ac                read_data
                0x2801bdd4                CheckRefundDataFile
                0x28017304                GetMinSendTimesTxn
                0x28017748                WriteScriptFile
                0x2801c0e4                SaveM1EnrichLastTotal
                0x28018970                M1_queryTrans
                0x28019104                DispOneTrans
                0x28017f40                UpdateLogFile
                0x2801724c                ClearAllTxnStatus
                0x2801c354                update_limit_total
                0x2801c21c                ReadLimitTotal
                0x28019d28                Prt_Detail_LS
                0x2801b6ac                emvLoadAIDList
                0x2801870c                Prt_Any_LS
                0x28018d04                M1_queryDetail
                0x2801a37c                M1reprintTrans
                0x2801820c                CheckData
                0x2801b92c                LoadDefaultAppParam
                0x2801b604                emvSaveCAPKList
                0x2801c734                SetTxnCtrlStatus
                0x2801abe4                QueryTransTotal
                0x2801b890                SaveAppParam
                0x28017840                WriteEnrichFtpFile
                0x28017b68                AdjustAppParam
                0x280188c0                Prt_Last_LS
                0x280180f0                DispOrignalTrans
                0x2801b754                emvSaveAIDList
                0x2801c5c4                ReadCtrlParam
                0x2801c048                ReadLastTotal
                0x28019858                Prt_Total_LS
 .text          0x2801c8dc     0x2ee8 ../obj/Src/PosLib.o
                0x2801edbc                PubBeepErr
                0x2801d220                PubHalt
                0x2801eda0                PubLongBeep
                0x2801cad8                PubCalcMac
                0x2801c980                PubCheckCHNString
                0x2801f730                PubBeepOk
                0x2801d09c                PubDispString
                0x2801cc2c                PubFileWriteEX
                0x2801d3b4                PubGetMenuEx
                0x2801c9f4                PubDes
                0x2801cd78                PubFileReadEX
                0x2801f764                PubCheckPosPower
                0x2801d2dc                PubGetBoolParam
                0x2801cf24                PubConvAmount
                0x2801ceec                PubShowTwoMsg
                0x2801ed80                PubChkKeyInput
                0x2801ed44                PubYesNo
                0x2801f32c                PubGetAmount
                0x2801e078                PubGetMenu
                0x2801cbd8                PubFWriteN
                0x2801ede0                PubGetString
                0x2801d18c                PubDisplayTitle
                0x2801ce70                PubDisplayMsg
                0x2801d2a0                PubWaitKey
                0x2801ccb0                PubFileWrite
                0x2801cd24                PubFReadN
                0x2801cdfc                PubFileRead
 .text          0x2801f7c4      0x6e8 ../obj/Src/posparams.o
                0x2801fa14                GetParams
                0x2801f810                GetParamfileName
 .text          0x2801feac      0xea4 ../obj/Src/pospin.o
                0x2801ff14                DisplayLoyaltBalance
                0x280209f8                EnterPIN
                0x280206e4                CalMAC
                0x28020064                LogonDivKey
                0x280208c4                DispBalance
                0x2801feac                ExtractPAN
 .text          0x28020d50      0x2b4 ../obj/Src/Rs232lib.o
                0x28020fd8                Rs232Open
                0x28020f6c                Rs232CheckPurge
                0x28020fb0                Rs232Close
                0x28020f44                Rs232ResetPurge
                0x28020ec0                MainPosRS232Txd
                0x28020d50                MainPosRS232Rxd
 .text          0x28021004     0x2080 ../obj/Src/trancomm.o
                0x28022c4c                ReverseTranProc
                0x280227ec                RecvPacket
                0x28021004                TranNeedReversal
                0x28021e4c                ProcRspPacket
                0x28021144                HaveMacData
                0x280211e4                AdjustCommParam
                0x2802250c                UpdateReversalFile
                0x2802248c                SaveReversalTranData
                0x28022834                SendPacket
                0x28022278                MakeReqPacket
                0x28021d20                TrickleFeedOffLineTxn
                0x2802267c                CommHangUp
                0x28022eac                OnlineCommProc
                0x28021bf0                TrickleFeedICOffLineTxn
                0x28021370                IncreaseTraceNo
                0x2802286c                SendRecvPacket
                0x280213d0                SaveRspPackData
                0x28021854                MakeReversalPack
                0x280210b0                TranNeedIncTraceNo
                0x28022410                ReadReversalTranData
                0x28022694                ConnectHost
 .text          0x28023084     0x5c68 ../obj/Src/tranprint.o
                0x28026058                PrtTranDetailHead
                0x28023f14                GetBankChnName
                0x280241d4                PrnSmallFontData
                0x280274bc                PrintAmount
                0x280250a4                PrintOneErrOffTrans
                0x28026bc4                PrtM1TranEnrichTicket
                0x28024900                PrtOneTranTxn
                0x280263a4                PrtM1TranSaleTicket
                0x280251c8                PrtNowTotal
                0x280255a8                PrtTransTotal
                0x28024c18                PrnBigFontChnData
                0x280242e8                PrintAddtionalInfo
                0x28023f94                DispPrnErrInfo
                0x28023084                MakeFormatCardNo
                0x28027948                PrtTranTicket
                0x28023e5c                GetEntryMode
                0x280274a8                PrnBigFontEngData
                0x280240e8                PrintData
                0x28026390                PrnNormalFontData
                0x280260c8                PrintAllErrOffTrans
                0x28024d30                PrnEmvParam
                0x28025de4                PrtM1EnrichTotal
                0x28023104                GetTransPrtName
 .text          0x28028cec     0x8380 ../obj/Src/tranproc.o
                0x2802d11c                OnlineSale
                0x28030edc                OfflineSale
                0x28029f34                UnpackTlvData
                0x28028e2c                ICNeedPIN
                0x2802d0e0                PreAuth
                0x28028cec                NeedPIN
                0x2802a480                GetTxnTableIndex
                0x2802fccc                AfterSettleTran
                0x2802e580                AuthComfirmGetData
                0x28029bd4                SaveAppParamItem
                0x2802a3ac                SaleTranGetData
                0x2802da18                GetAuthType
                0x2802baa8                SendICCOffLineTrans
                0x2802d9a8                PreAuthAdd
                0x280309d4                AfterCommProc
                0x2802930c                MakeTermStatusData
                0x2802a304                PreAuthGetData
                0x28030f1c                VoidSaleAuth
                0x2802e40c                PreAuthVoidGetData
                0x2802a4f8                SetCommField60
                0x2802d918                PreAuthAddInput
                0x2802f278                BatchSendOffTrans2_Refund
                0x28029548                SaveNewEmvCapk
                0x2802e2b8                GetOrignTxnDate
                0x2802d3bc                SendOffLineTrans
                0x28029a6c                SaveEmvAppParam
                0x2802ddac                UpdateParameters
                0x2802d7a8                PosOnlineLogoff
                0x2802905c                SaveOneAid
                0x2802effc                BatchSendOffTrans2_CM
                0x2802997c                UpdateCoreCapkInfo
                0x2802be7c                PosUpLoadParam
                0x2802a20c                CheckAdjustAmt
                0x2802b548                BatchSendICCOnLineTrans
                0x2802d854                GetAuthNo
                0x2802cf9c                TestResponse
                0x2802e6b8                OfflineAuthConfirm
                0x2802d158                BatchSendOffTrans1
                0x2802dc24                OffSaleGetData
                0x2802e4f0                VoidPreAuth
                0x28028ec0                UpdateEntryModeByPIN
                0x280297e8                SaveCapkInfoItem
                0x2802cbd8                DownLoadCAPK
                0x280304a0                PosOnlineLogon
                0x2802b4fc                TransBatchUpLoadFailureTxn
                0x2802e9b4                RefundTran
                0x2802c68c                QueryEmvParam
                0x28029694                SaveEmvCapkItem
                0x2802c144                FinishDownLoad
                0x280290f4                SearchCapkInfo
                0x2802a670                SetCommReqField
                0x2802c7f4                DownLoadEmvParam
                0x2802e148                PosDownLoadParam
                0x28030e5c                OfflineAdjust
                0x2802fdbc                PosBatchSendTran
                0x2802d048                QueryBalance
                0x2802afe8                TransBatchUpLoadIccAACTxn
                0x2802ff30                PosSettleTran
                0x2802f518                BatchMagOnLineTrans
                0x2802b7c8                BatchICCOffLineTrans
                0x2802fa70                PosBatchUp
                0x2802e74c                OnlineAuthConfirm
                0x2802ed78                SaleVoidGetData
                0x2802ea68                GetOldTraceNo
                0x2802eb3c                AdjustTranGetData
                0x2802c288                TransDownloadBlkCard
                0x2802bfb4                QueryEmvCapk
                0x2802b274                TransBatchUpLoadIccFailureTxn
                0x280303cc                PosOperLogon
                0x2802e7e0                RefundTranGetData
                0x280308ac                OnlineDownOrUp
                0x2802dce8                GetSysRefNo
                0x28029fa8                SelectCardUnit
                0x2802916c                EncrypteFieldTrac23
 .text          0x2803106c      0x72c ../obj/Src/m1_card/m1_card_proc.o
                0x280313c4                ProcContEventRead
                0x2803106c                PubChar2LongEx
                0x28031554                M1_ReadSector
                0x28031714                M1_mifClose
                0x28031398                M1_WriteBlock
                0x28031620                M1_WaitCard
                0x28031574                M1_DispErrInfo
                0x2803136c                M1_Decrement
                0x280316d4                M1_mifResetRF
                0x28031754                M1_mifOpen
                0x280310dc                ProcContEventWrite
 .text          0x28031798      0x34c ../obj/Src/showDebug/showDebug.o
                0x28031798                SaveToDebugLog
                0x28031804                ListenComm
                0x280318d8                showDebugMessage
 .text          0x28031ae4     0x9a94 ../obj/Src/m1_tranproc.o
                0x28031b20                GetFtpFiletotal
                0x280338b0                ResetPsam
                0x280336ac                InListPassive
                0x28035c70                TDEACBCDecry
                0x28033720                SamReset
                0x280321b0                GetAllDataFromM1Card
                0x28031c34                Verifybyte
                0x28035f34                GetMAC
                0x280326e0                M1_IsCardInfoLegal
                0x28035278                M1_Sale
                0x28038dd0                M1_Data_UpLoad_TCP
                0x2803413c                CPU_ReadEnrichData
                0x28031e18                VeryfyWalletData
                0x280328fc                M1_RchAmtProcess
                0x280337ec                SocketSet
                0x28033314                GetSecPW
                0x2803a534                COM_SendRecvData
                0x280324ec                CheckData_Sectors2
                0x28031b98                GetBlockVerifybyte
                0x280328c4                M1_IncValue
                0x280375b8                M1_SettDate_Upload
                0x28032d54                ConfirmCardPassword
                0x28032f74                GetPsamId
                0x28031b5c                GetFtpFilePosition
                0x280381d0                M1_SaleDate_Upload
                0x28032224                M1_RchSwipCardAgain
                0x28039de4                Agent_Update
                0x28031eb0                VerifyStartUse
                0x28036cdc                M1_Enrich
                0x28033870                ResetPsamZJB
                0x28039428                M1_Sett
                0x28036404                M1_Que_Sett
                0x28031fd8                VeryfyCard_Sectors1
                0x2803359c                SAMGetRandom
                0x28035dc0                TDEACBCEnry
                0x28031bcc                Check_valid_purse
                0x28039a28                Login
                0x280361e4                M1_Que_NotUploadFile
                0x280367c0                CPU_EnrichWriteData
                0x2803272c                M1_DecValue
                0x280323f8                M1_BlocktoBlockValue
                0x28031ae4                FindEnrichStoreFilePosition
                0x2803a0c4                M1_Data_UpLoad
                0x28031c74                ChkContactlessCardPad
                0x2803213c                PubLong2CharEx
                0x2803392c                GetEnrichFileName
                0x28032764                M1_SaleProcess
                0x2803adf8                M1_ReadCard
                0x28032c48                ConfirmDevelopersPassword
                0x2803ad94                M1_Sett_Prt
                0x2803a7bc                M1_Data_UpLoad_COM
                0x28033088                M1_GetCalKeyA
                0x2803397c                PackFTP
                0x280365b8                EnrichAuthenticate
                0x2803457c                CPU_SaleWriteData
                0x28033cf4                CPU_ReadSaleCard
                0x28032e60                GetTellNo
                0x280338ec                ResetPsam2
 .text          0x2803b578      0xd88 ../obj/Src/LocalFtp.o
                0x2803becc                NewFtpPutFile
                0x2803b98c                NewFtpGetFile
                0x2803b578                ftp_debug
                0x2803bb80                NewFtpPut
                0x2803b638                NewFtpGetSize
                0x2803b594                NewFtpLogon
                0x2803b688                NewFtpDownLoad
                0x2803bd08                ftp_get_data
                0x2803b948                NewFtpQuit
                0x2803b7c4                ftp_store_data
                0x2803c0b0                ftpDemo
 .text          0x2803c300      0x4fc ../obj/Src/NewTime.o
                0x2803c3bc                SYS_MKTIME
                0x2803c680                CalcTime
                0x2803c718                SYS_TIME
                0x2803c66c                SYS_LOCALTIME
                0x2803c404                SYS_GMTIME
 .text          0x2803c7fc        0x0 ../obj/Src/st8583.o
 .text          0x2803c7fc     0x3774 ../obj/Src/emvtranproc.o
                0x2803e5f0                emv_check_certificate
                0x2803cb88                CalcTLVTotalLen
                0x2803ebac                emvGetOnlinePIN
                0x2803f7a8                emvCheckExceptPAN
                0x2803d1f4                AdjustIssuerScript
                0x2803c7fc                LongToStr
                0x2803d998                SaveScriptResult
                0x2803c828                cEMVUnknowTLVData
                0x2803ec20                emv_check_online_pin
                0x2803d0e8                SaveScriptData
                0x2803e16c                emv_advice_process
                0x2803cb28                PackTLVHead
                0x2803d42c                SendScriptResult
                0x2803e494                emv_return_pin_verify_result
                0x2803ed54                emv_online_transaction_process
                0x2803cf30                PackScriptData
                0x2803eb40                emvDispPINOK
                0x2803e84c                emv_multi_language_selection
                0x2803db04                SetIssuerName
                0x2803e190                ProcEmvTran
                0x2803caac                PackTLVTag
                0x2803f5c4                emvGetTransAmount
                0x2803d974                emvCheckCRL
                0x2803cbd0                auxLongToBCD
                0x2803f848                emv_candidate_apps_selection
                0x2803dfb0                UpdateEcRevFile
                0x2803f770                emvGetTransLogAmount
                0x2803e040                UpdateEmvRevFile
                0x2803c928                GetTlvValue
                0x2803cae4                PackTLVLength
                0x2803dd34                SaveEmvTranData
                0x2803d80c                SetOnlineTranDE55
                0x2803f388                emv_get_amount
                0x2803c86c                IsConstructedTag
                0x2803f57c                emvInputTransAmount
                0x2803f520                emvInputCashBackAmount
                0x2803d360                SaveRspICCData
                0x2803c858                emvCertCheck
                0x2803d2f0                MakeTlvString
                0x2803ecd8                asc2ulong
                0x2803c8c8                Char2Long
                0x2803f1d0                emv_issuer_referral_process
                0x2803cc64                SavePrintICCData
                0x2803ea34                emv_get_pin
 .text          0x2803ff70        0x0 ../obj/Src/emvtrantest.o
 .text          0x2803ff70     0x59ec ../obj/Src/Menu.o
                0x28043834                TransEcTopup
                0x28044178                SelectInstalFunc
                0x28043ffc                SelectLoyaltFunc
                0x280444c0                GetMobileCardInfo
                0x28044338                SelectEcFunc
                0x280423bc                TransEcBalance
                0x28045868                TransMobileSale
                0x28040dc4                GetEcElementData
                0x28041c60                TransEdSale
                0x280454cc                TransVoidMobileSale
                0x280405d8                TransVoidInstal
                0x280402f0                TransVoidLoyalt
                0x28042894                TransEcViewRecord
                0x28043eb4                SelectMobileFunc
                0x28043148                TransEcRefund
                0x28044200                SelectEdFunc
                0x28044f70                TransMobileVoidPreAuth
                0x28040eec                TransEdViewRecord
                0x28044bc0                TransMobileBalance
                0x280407e8                TransLoyalt
                0x2804005c                TransQueryLoyalt
                0x280414ec                TransEdTopup
                0x28044cd0                TransMobileRefund
                0x280400f4                TransRefundLoyalt
                0x28045344                TransMobilePreAuth
                0x2803ff70                TransLytLogon
                0x28044ac4                PosGetMobileCard
                0x28043b80                TransEcSale
                0x28043554                TransEcVoidTopup
                0x28045144                TransMobileAuth
                0x280412ec                TransEdBalance
                0x28040a30                TransInstallment
 .text          0x2804595c     0x27d4 ../obj/Src/otherTxn.o
                0x28046258                TransValidAcct
                0x28046438                TransmagTopupConfirm
                0x2804595c                TransPartSale
                0x28047cfc                TransMotoAuth
                0x2804674c                SelectMagTopupFunc
                0x28047100                TransMagTopupCash
                0x28047f20                TransMotoPreAuth
                0x280467d4                SelectMotoFunc
                0x2804766c                TransBookSale
                0x28048028                TransMotoSale
                0x28046f3c                TransVoidBookSale
                0x2804794c                GetMotoDate
                0x28047ba8                TransMotoVoidPreAuth
                0x280478f4                PosGetOrderCard
                0x28045f3c                TransVoidMotoSale
                0x28046984                TransMagTopupAcct
                0x280468fc                SelectBookFunc
                0x28045d0c                TransMotoRefund
 .text          0x28048130      0xe3c ../obj/Src/pack8583.o
                0x280484fc                iUnPack8583
                0x28048c88                iPack8583
 .text          0x28048f6c     0x1974 ../obj/Src/qpbocProc.o
                0x28049034                ReadIccFailureFile
                0x2804a450                TransQpbocPreProc
                0x28049f64                TransEcQuickSale
                0x2804a078                DisplayQpbocBalance
                0x2804a814                ProcQpbocTran
                0x2804a160                DisplayQpbocError
                0x28048f94                UpDateIccFailureFile
                0x28049104                TransBatchUploadQpbocFailureTxnLog
                0x280495f4                SaveIccFailureFile
                0x28049a80                GetAndSetQpbocElement
                0x28048f6c                CheckQpbocMaxAmount
                0x2804968c                SaveIccFailureTranData
                0x28048f80                GetMaxQpbocCfgAmount
                0x28049390                ViewIccFailureLog
 .text          0x2804a8e0     0x8060 ../SDK/lib/libseos.a(dll.o)
                0x2805144c                PosixSystem
                0x2804c30c                iccExchangeAPDU
                0x2804d220                PedGetConfig
                0x2804db70                sleCardPowerDown
                0x2804b6c0                aes_cfb8_encrypt
                0x2804e7ec                WnetReset
                0x2804e074                NetSetTCPIPCfg
                0x2804aa40                sysBeep
                0x280525b8                prnPrintf
                0x2804da90                portCheckSendBuf
                0x28050ec4                PosixReaddir
                0x280504bc                mifPLTransfer
                0x2804e340                NetAccept
                0x2804b070                Hash
                0x2804c360                iccPowerDown
                0x2805059c                PosixRead
                0x2804dbf0                sleCardReadSCErr
                0x28050644                PosixLseek
                0x28052130                PosixGethostbyname2
                0x2804fa88                mifProcess
                0x28051ed0                mif_open
                0x2804f934                mifWupB
                0x28050908                PosixStat
                0x2804ee68                Sms_Cmgs
                0x2804fbb4                InListPassiveTarget
                0x28051490                PosixCfgetospeed
                0x2804f0b4                WifiPing
                0x2804b2fc                md5_update
                0x2804b7a0                aes_ofb128_encrypt
                0x2804b2c0                md5_init
                0x2804c434                prnSetSpace
                0x2804c0f8                magOpen
                0x2804f890                mifWriteULData16
                0x2804ba24                font_get_dot
                0x2804cebc                fileToPubKey
                0x2804cad4                fileFreeSpace
                0x2804ad7c                sysEncode2bmp
                0x2804aef0                sysClipboardWrite
                0x2804eb28                Stk_Init
                0x2804ab30                sysGetTimerCount
                0x2804df24                PPPLogin
                0x28051d64                modem_enter_auto_answer
                0x2804d308                PedWritePinKey
                0x2804bc64                kbGetHZ
                0x2804ead8                WPhoneSendDTMF
                0x280517fc                PosixShutdown
                0x2804c270                iccDetect
                0x2804dfe0                PPPCheck
                0x2804d718                PedTDEA
                0x2804bd7c                lcdCls
                0x2804d7e8                PedGetSensitiveTimer
                0x2804c534                prnStep
                0x2804cb58                fileGetInfo
                0x2804cce8                fileRenameExt
                0x2804cc48                fileExistExt
                0x28050a34                PosixChmod
                0x2804a90c                sysCheckFirstRun
                0x2804ac28                sysPowerOff
                0x2804b010                CalcCRC16
                0x2804f66c                mifRestore
                0x2804fe44                mifGetTimeOut
                0x28050508                mifPLRestore
                0x2804e394                NetSend
                0x2804ca44                fileRemove
                0x28050b74                PosixLchown
                0x28051780                PosixExit
                0x2804f49c                mifAuthByE2
                0x2804d8b4                DukptLoadInitKeyExt
                0x2804b428                aes_set_decrypt_key
                0x2804cc9c                fileRename
                0x2804dd68                sleCardReadStatus
                0x28051e3c                modem_check_extension
                0x2804c8b4                fileSeek
                0x2804d630                PedGetOffLineCipherPin
                0x2804f100                WifiGetMAC
                0x2804c73c                prnSetFontZoom
                0x2804ac88                sysGetPowerStatus
                0x2804c858                fileOpenExt
                0x2804bf4c                lcdSetIcon
                0x28051244                PosixGetsockopt
                0x280516a0                PosixTcdrain
                0x2804af90                sysGetCPU_UniqueSN
                0x28050100                mifPLWritePerso
                0x2804dc38                sleCardChangeSC
                0x28050e34                PosixRmdir
                0x2804d910                portOpen
                0x2804c908                fileRead
                0x2805035c                mifPLIncrement
                0x2804be74                lcdSetInverse
                0x2804f6b4                mifTransfer
                0x2804c3a8                iccWarmReset
                0x28051b08                modem_dialing
                0x2804e248                NetConnect
                0x2804f620                mifDecrement
                0x2804de9c                at24cxxWrite
                0x2804bbfc                kbGetString
                0x2804dad8                portCheckRecvBuf
                0x2805113c                PosixListen
                0x28050874                PosixDup2
                0x2804ca8c                fileSize
                0x2804c478                prnLeftIndent
                0x28051b9c                modem_get_status
                0x2804f274                mifWupA
                0x2804ff64                mif_send_command
                0x2804faf0                mifExchangeAPDU
                0x2805249c                PosixOpen
                0x2804ed2c                Sms_SetCSCA
                0x2804e3f0                NetRecv
                0x2804fa40                mifHaltB
                0x28051904                ReadDllVer
                0x2804cba0                fileRemoveExt
                0x2804f06c                WifiSoftReset
                0x2804b8ec                aes_bi_ige_encrypt
                0x28052014                emv_contactless_get_lasterror
                0x2804be30                lcdGoto
                0x2804b4c8                aes_decrypt
                0x2804f148                mifOpen
                0x2804bacc                kbhit
                0x2804af40                sysSetPowerOffLogo
                0x28052034                emv_contactless_exchange_apdu
                0x2804cda4                appReadState
                0x2804e4c0                NetRecvfrom
                0x2804de48                at24cxxRead
                0x2804d958                portClose
                0x28051b54                modem_hangup
                0x2805002c                mif_get_status
                0x28050f6c                PosixClosedir
                0x2804e154                Wnet_GetDnsServer
                0x28050238                mifPLWriteBlock
                0x28050c68                PosixMknod
                0x2804b18c                TDEA
                0x2804b80c                aes_ctr128_encrypt
                0x28050154                mifPLCommitPerso
                0x2804fe04                mifSetTimeOut
                0x2804a8e0                SwiTranfer
                0x2804ffa8                mif_get_response
                0x2804df98                PPPLogout
                0x2804ab68                sysDelayMs
                0x2804e534                NetClose
                0x2804d4f0                PedGetPinDukpt
                0x2804f6fc                mifWriteKey
                0x2804e8ac                WnetInputSimPin
                0x2804d794                PedDelKey
                0x2804c190                magSwiped
                0x2804f990                mifSlotMarker
                0x2804f440                mifAuthByKey
                0x2804f7a4                mifReadE2
                0x2804b514                aes_ecb_encrypt
                0x2804d9f4                portRecv
                0x2804e29c                NetConnectURL
                0x2804ee20                Sms_Cmgd
                0x2804efd8                WifiSetDefAP
                0x2804f4f0                mifReadBlock
                0x2804bb40                kbGetKeyMs
                0x2804e44c                NetSendto
                0x280508c0                PosixPipe
                0x2804d184                paraReadData
                0x2804e6fc                NetGetPrompt
                0x2804f3ec                mifPPPS
                0x28050e7c                PosixOpendir
                0x2804f020                WifiSetAP
                0x28051fb4                emv_contactless_active_picc
                0x2804ea18                WPhoneAnswer
                0x2805277c                prnWprintf
                0x2804f30c                mifSelect
                0x2805164c                PosixTcsetattr
                0x28050460                mifPLDecreTrans
                0x2804d9a0                portSends
                0x280519a8                modem_write
                0x2804d478                PedGetMac
                0x280521b0                mifPowerUpCard
                0x2804bf90                lcdStore
                0x280528b8                lcdWprintf
                0x28051c80                modem_get_dial_parms
                0x2804bdf0                lcdLight
                0x2804d2c0                PedGetRandom
                0x28050d08                PosixSymlink
                0x2805006c                mifPLAuthInAct
                0x2804ad34                sysPowerSave
                0x2804add4                accGetMotion
                0x28051394                PosixRecv
                0x28051f18                mif_close
                0x2804cf6c                fileToApp
                0x2804e8f4                WnetGetIMEI
                0x2804c5fc                prnStart
                0x2804d1d0                paraWriteData
                0x2804d86c                PedSetTdesIV
                0x2804fdb8                mifLEDControl
                0x28050798                PosixFtruncate
                0x2804b5d0                aes_cfb128_encrypt
                0x280512ac                PosixRecvfrom
                0x2804dcc0                sleCardRead
                0x28051848                PosixPoll
                0x2804b38c                md5
                0x2804d408                PedGetPin
                0x2805239c                DukptLoadInitKey
                0x2804a980                sysReadVer
                0x28052808                lcdWdisplay
                0x2804eb74                Stk_GetCurCmd
                0x28051a58                modem_read
                0x280506e4                PosixIoctlB
                0x2804c638                prnStatus
                0x2804edd4                Sms_Cmgr
                0x2804bd00                kbSetLightTime
                0x28051be8                modem_get_last_errno
                0x2804ed78                Sms_Cmgl
                0x2804c6dc                prnGetCurFont
                0x2804c95c                fileWrite
                0x2804abe4                sysTimerCheck
                0x2804a9bc                sysReadConfig
                0x2805082c                PosixDup
                0x28050c1c                PosixUtime
                0x280507e4                PosixFsync
                0x2804f2bc                mifAnticollion
                0x2804b348                md5_final
                0x2804d5d4                PedGetOffLinePlainPin
                0x2804e57c                NetSetsockopt
                0x2804f5d4                mifIncrement
                0x2804dba4                sleCardVerify
                0x2804d028                fileToAppData
                0x28050f24                PosixRewinddir
                0x28050d54                PosixUnlink
                0x2804ebbc                Stk_ListMenu
                0x2804d264                PedGetKeyInfo
                0x28050a80                PosixFchmod
                0x28051ff4                emv_contactless_obtain_status
                0x2804eefc                WifiScanAP
                0x2804dc84                sleCardLock
                0x28050b20                PosixFchown
                0x2804f3a0                mifRATS
                0x28051dac                modem_exit_auto_answer
                0x2804b0fc                sha_update
                0x2804bb04                kbGetKey
                0x28051918                modem_open
                0x28051c34                modem_set_dial_parms
                0x28050cbc                PosixLink
                0x28052648                lcdDisplay
                0x280505f0                PosixWrite
                0x2804b9bc                font_select
                0x2804ddb4                sleCardCheckData
                0x2804e64c                SockAddrset
                0x28051aac                modem_read_timeout
                0x2804c128                magClose
                0x2804cf18                fileToFont
                0x2804c098                lcdGetCurFont
                0x280509e8                PosixAccess
                0x2804e750                WnetInit
                0x2804ec08                Stk_Handle
                0x2804c2b8                iccPowerUp
                0x2804bf00                lcdDrLogo
                0x28050554                PosixClose
                0x2804fc20                InATR
                0x28050190                mifPLMultiWriteBlock
                0x2804f844                mifWriteULData
                0x2804f53c                mifWriteBlock
                0x2804f588                mifSetValue
                0x2804c674                prnSetFont
                0x2804f364                mifHaltA
                0x2804e1f4                NetBind
                0x2804aba4                sysTimerSet
                0x280503b0                mifPLDecrement
                0x2804ffec                mif_set_status
                0x28050300                mifPLSetValue
                0x2804e0c0                WnetSelectModule
                0x2804b3d8                aes_set_encrypt_key
                0x28051960                modem_close
                0x2804acc0                sysGetVolt
                0x2804bbbc                kbSound
                0x280511dc                PosixSetsockopt
                0x2804b964                font_list_lib
                0x2804e798                WnetGetInfo
                0x2804f22c                mifReqA
                0x2804dd14                sleCardWrite
                0x2805151c                PosixCfsetospeed
                0x2804b648                aes_cfb1_encrypt
                0x28051df4                modem_wait_until_sent
                0x2804e6a8                SockAddrget
                0x28050bc8                PosixFcntl
                0x280516e8                PosixTcflush
                0x2804b734                aes_cfbr_encrypt_block
                0x2804fecc                mif_read_register
                0x280513f0                PosixSend
                0x2804c5b0                prnLogo
                0x2804bcc0                kbLight
                0x28052514                portPrintf
                0x2804d698                PedWriteMasterKey
                0x28050d9c                PosixRename
                0x2804ac58                sysReset
                0x2804e1a0                NetSocket
                0x2804ce68                fileToKernel
                0x2804f7f8                mifReadULData
                0x2804acf8                sysAutoPowerSave
                0x280526f4                lcdPrintf
                0x28050404                mifPLIncreTrans
                0x2804fe84                mifCheckOnlyOneCard
                0x28050fb4                PosixChdir
                0x2804ec70                Ussd_Cmd
                0x2804c15c                magReset
                0x2804e2f4                NetListen
                0x280500b4                mifPLAuthInPro
                0x280514d4                PosixCfgetispeed
                0x2804ae68                sysGetPowerKeyStatus
                0x28050ffc                PosixFchdir
                0x2804e5e4                NetGetsockopt
                0x2804c780                prnEnBlackMark
                0x2804c4b8                prnSetGray
                0x2804aa70                sysBeef
                0x2804de04                at24cxxOpen
                0x2804def0                at24cxxClose
                0x2804c220                iccSetPara
                0x2804f9e4                mifAttriB
                0x2804a944                sysReadSN
                0x2804d830                PedRebuild
                0x2804f8dc                mifReqB
                0x2805189c                PosixSelect
                0x280501e4                mifPLMultiReadBlock
                0x2804aea0                sysClipboardRead
                0x2804ba80                font_set_trans_func
                0x2804e028                NetGetTCPIPCfg
                0x28051044                PosixSocket
                0x2804f178                mifClose
                0x2804beb4                lcdStipple
                0x2804e870                WnetCheckSim
                0x2804d558                PedGetMacDukpt
                0x28050acc                PosixChown
                0x28051f60                mif_ioctl
                0x2804b25c                RSAPrivateEncrypt
                0x2804c810                fileOpen
                0x2804eeb4                WifiGetCurConnect
                0x2804c030                lcdSetFont
                0x28051734                PosixTcflow
                0x2804c9b0                fileTruncate
                0x2804c574                prnTemperature
                0x2804bd3c                kbSetSlipFW
                0x2804da48                portReset
                0x2804fd1c                mifExchangeData
                0x2804b564                aes_cbc_encrypt
                0x2804f1ec                mifResetRF
                0x2804c7c4                prnBlackMarkStep
                0x2804c3fc                prnInit
                0x2804ae24                sysSetPowerKey
                0x2804ff18                mif_write_register
                0x2804e9cc                WPhoneStatusEx
                0x2804cb10                fileExist
                0x2804e93c                WnetDnsResolve
                0x2804d09c                appDelete
                0x2804cfc8                fileToDSRM
                0x28051d18                modem_set_sdlc_parms
                0x2804aa00                sysGetLastError
                0x280519fc                modem_write_timeout
                0x28051188                PosixAccept
                0x28051600                PosixTcgetattr
                0x2805074c                PosixTruncate
                0x28051fd4                emv_contactless_deactive_picc
                0x2804fd84                InRelease
                0x2804d130                GetPubKeyFileHash
                0x2804ef48                WifiGetLocalIP
                0x28051320                PosixSendto
                0x2804fcc0                InDataExchange
                0x2804fb4c                mifFeliCaExchange
                0x2804aab0                sysSetTime
                0x280517c0                PosixGeterrno
                0x2804e990                WPhoneStatus
                0x28050950                PosixLstat
                0x2804e828                WnetSignal
                0x2804f750                mifWriteE2
                0x28051e84                modem_exec_at_command
                0x2804bdac                lcdClrLine
                0x2804c4f8                prnGetCurLine
                0x28051ccc                modem_get_sdlc_parms
                0x2804d388                PedWriteMacKey
                0x2804ece4                Sms_GetCSCA
                0x2804b0bc                sha_init
                0x280515b4                PosixCfsetspeed
                0x2804ef90                WifiSetParms
                0x2804fc6c                InPSL
                0x2804bb88                kbFlush
                0x2805099c                PosixFstat
                0x2804c1cc                magRead
                0x2805029c                mifPLReadBlock
                0x2804afd4                sysExit
                0x2804ea54                WPhoneHangUp
                0x2804db20                sleCardPowerUp
                0x2804b884                aes_ige_encrypt
                0x280510e8                PosixBind
                0x28051094                PosixConnect
                0x2804aaf4                sysGetTime
                0x2804e108                Wnet_SetDnsServer
                0x28050de8                PosixMkdir
                0x2804b148                sha_final
                0x2804c9fc                fileClose
                0x2804b1f4                RSAPublicDecrypt
                0x2804bfe4                lcdRestore
                0x2804cbf4                fileSizeExt
                0x2804d0ec                GetKernelFileHash
                0x2804ea90                WPhoneCall
                0x2804f1ac                mifSelectMifType
                0x2804cdec                appRun
                0x28050698                PosixIoctlA
                0x28051568                PosixCfsetispeed
                0x2804cd58                appReadInfo
                0x2804b47c                aes_encrypt
 .text          0x28052940      0x8c8 ../SDK/lib/libemv.a(emv_core_func.o)
                0x28052fd4                emv_get_log_data
                0x280529a0                emv_set_send_log_command_flag
                0x28052ea4                emv_get_cda_data
                0x28053080                emv_set_language_prefer
                0x28052aa0                emv_get_online_result
                0x28052b6c                emv_init_script_result
                0x28052a14                emv_get_callback_func
                0x280529c0                emv_set_online_flag
                0x28052ff4                emv_append_log_data
                0x28052a50                emv_set_signature_flag
                0x28052940                emv_set_issuer_code_table_index_flag
                0x28052960                emv_set_issuer_code_table_index
                0x28052a90                emv_set_online_result
                0x28052980                emv_set_prefer_name_flag
                0x280529fc                emv_get_current_application
                0x28052ef4                emv_get_script_result
                0x28052950                emv_check_issuer_code_table_index_flag
                0x28052b4c                emv_init_cda_data
                0x28052a70                emv_set_cda_flag
                0x280529e0                emv_set_current_application
                0x28052f74                emv_append_script_result
                0x28052a60                emv_check_signature
                0x28052ac0                emv_check_advice_flag
                0x28052ae0                emv_check_force_accept
                0x280529d0                emv_check_online_flag
                0x28052ec4                emv_append_cda_data
                0x28052970                emv_get_issuer_code_table_index
                0x28052af0                emv_init_callback_func
                0x28052b90                emv_init_log_data
                0x280530dc                emv_set_core_init_parameter
                0x28052990                emv_check_prefer_name_flag
                0x280529b0                emv_check_send_log_command_flag
                0x28052ad0                emv_set_force_accept_flag
                0x28052ab0                emv_set_advice_flag
                0x28052e80                emv_get_log_entry
                0x28052bb4                emv_get_core_init_parameter
                0x28053054                emv_get_language_prefer
                0x28052a80                emv_check_cda_flag
                0x28052e90                emv_set_log_entry
 .text          0x28053208      0x424 ../SDK/lib/libemv.a(emvaidlist.o)
                0x2805329c                emv_check_aid_in_terminal
                0x28053208                emv_get_aid_info_num
                0x280533ac                emv_del_one_aid_info
                0x28053218                emv_get_one_aid_info
                0x280535d0                emv_delete_all_terminal_aids
                0x280534a0                emv_add_one_aid_info
 .text          0x2805362c     0x3a14 ../SDK/lib/libemv.a(emvappselect.o)
                0x28053a04                emv_check_adf_fci
                0x28056ad4                emv_application_select_no_gpo
                0x28056d30                emv_application_select
                0x2805362c                emv_get_log_item
                0x2805383c                emv_read_log_record
 .text          0x28057040      0x7ec ../SDK/lib/libemv.a(emvcandapp.o)
                0x2805707c                emv_get_candapp_num
                0x2805708c                emv_sort_candapps
                0x28057378                emv_add_one_candapp
                0x28057040                emv_get_one_candapp
                0x280572b4                emv_init_candapp_lists
                0x28057218                emv_get_all_candapps
                0x2805758c                emv_delete_one_candapp
 .text          0x2805782c      0x5c0 ../SDK/lib/libemv.a(emvcapk.o)
                0x28057a60                emv_delete_all_ca_public_keys
                0x2805782c                emv_get_ca_public_key_num
                0x28057994                emv_get_one_ca_public_key
                0x280578c0                emv_delete_one_ca_public_key
                0x2805783c                emv_get_one_ca_public_key_by_no
                0x28057abc                emv_add_one_ca_public_key
 .text          0x28057dec      0xcdc ../SDK/lib/libemv.a(emvcomplete.o)
                0x280586cc                emv_online_transaction
                0x28057dec                emv_terminal_action_analysis
 .text          0x28058ac8      0x174 ../SDK/lib/libemv.a(emvconfigure.o)
                0x28058ad8                emv_get_kernel_type
                0x28058b18                emv_pboc_check_ec
                0x28058af8                emv_pboc_set_ec_ttl
                0x28058ae8                emv_pboc_ec_enable
                0x28058b28                emv_get_mck_configure
                0x28058b80                emv_set_mck_configure
                0x28058b08                emv_pboc_get_ec_ttl
                0x28058ac8                emv_set_kernel_type
 .text          0x28058c3c      0xdf4 ../SDK/lib/libemv.a(emvcvm.o)
                0x28058c3c                emv_cardholder_verify
 .text          0x28059a30      0x2b4 ../SDK/lib/libemv.a(emvddflist.o)
                0x28059c54                emv_add_one_ddf
                0x28059a40                emv_delete_last_ddf_list
                0x28059a9c                emv_init_ddf_lists
                0x28059bc8                emv_get_last_ddf
                0x28059a30                emv_get_ddf_num
                0x28059b00                emv_add_one_ddf_record_no
 .text          0x28059ce4      0x478 ../SDK/lib/libemv.a(emvdol.o)
                0x28059ce4                emv_check_tag_in_dol
                0x28059e0c                emv_dol_padding
 .text          0x2805a15c     0x202c ../SDK/lib/libemv.a(emvdte.o)
                0x2805ad98                emv_set_data_element
                0x2805b080                emv_set_tsi_bit
                0x2805a5dc                emv_del_all_icc_data_element
                0x2805a160                emv_init_mc_data_element
                0x2805b3a8                emv_init_data_element
                0x2805ac88                emv_check_data_element
                0x2805a9d0                emv_get_data_element_type
                0x2805a698                emv_init_pboc_data_element
                0x2805a164                emv_init_jcb_data_element
                0x2805ab80                emv_del_data_element
                0x2805b2f8                emv_get_tvr_bit
                0x2805a15c                emv_init_visa_data_element
                0x2805a16c                emv_check_data_element_in_template
                0x2805b164                emv_get_tsi_bit
                0x2805aaa8                emv_get_data_element_attr
                0x2805af20                emv_get_data_element
                0x2805b208                emv_set_tvr_bit
                0x2805a8b0                emv_check_data_element_len_valid
                0x2805a168                emv_init_amex_data_element
 .text          0x2805c188     0x1518 ../SDK/lib/libemv.a(emvicc.o)
                0x2805c188                emv_get_last_iccard_sw
                0x2805c33c                emv_iccard_process_script
                0x2805c1a0                emv_exchange_apdu
                0x2805c42c                emv_iccard_verify_offline_encrypt_pin
                0x2805d3b8                emv_iccard_gpo
                0x2805d0c4                emv_iccard_get_ec_balance_limit
                0x2805cd84                emv_iccard_get_challenge
                0x2805cea8                emv_iccard_get_data
                0x2805cc80                emv_iccard_external_authenticate
                0x2805c1f0                emv_iccard_select
                0x2805cfc8                emv_iccard_get_ec_single_limit
                0x2805d1c0                emv_iccard_get_ec_reset_threshold
                0x2805d578                emv_iccard_read_record
                0x2805c9dc                emv_iccard_internal_authenticate
                0x2805cb2c                emv_iccard_gac
                0x2805d2bc                emv_iccard_get_ec_balance
                0x2805c740                emv_iccard_verify_offline_plain_pin
 .text          0x2805d6a0     0x20b0 ../SDK/lib/libemv.a(emvoda.o)
                0x2805ef98                emv_cda_first_step
                0x2805f4c0                emv_sda
                0x2805da04                emv_verify_dynimal_ssad
                0x2805dda4                emv_verify_icc_publickey_certificate
                0x2805f0cc                emv_dda
                0x2805d6a0                emv_cda_complete
                0x2805e574                emv_verify_ssad
                0x2805e864                emv_verify_issuer_publickey_certificate
                0x2805f604                emv_offline_data_authentication
 .text          0x2805f750      0x1a0 ../SDK/lib/libemv.a(emvodalist.o)
                0x2805f750                emv_get_odalist_num
                0x2805f760                emv_get_odalist_sfi
                0x2805f7b4                emv_get_odalist
                0x2805f820                emv_add_one_odalist
                0x2805f8b0                emv_init_oda_list
 .text          0x2805f8f0      0xe74 ../SDK/lib/libemv.a(emvpinverify.o)
                0x2805fd24                emv_verify_pin_publickey_certificate
                0x2805f8f0                emv_check_online_encrypted_pin
                0x2805f9b0                emv_get_pin_try_count
                0x280603d8                emv_check_offline_encrypted_pin
                0x2805fa7c                emv_check_offline_plaintext_pin
                0x2806037c                emv_get_pin_publickey
 .text          0x28060764      0x40c ../SDK/lib/libemv.a(emvprocrest.o)
                0x28060764                emv_process_restriction
 .text          0x28060b70      0x4b4 ../SDK/lib/libemv.a(emvpubfunc.o)
                0x28060cd0                emv_binarytohex
                0x28060b70                emv_one_to_two
                0x28060f38                emv_hextobinary
                0x28060c24                emv_char_to_long
                0x28060bbc                emv_bcd_to_long
                0x28060d84                emv_long_to_bcd
                0x28060c60                emv_long_to_char
                0x28060c8c                emv_hextonum
                0x28060e0c                emv_check_date_validity
                0x28060d20                emv_get_random_bytes
 .text          0x28061024      0x3c4 ../SDK/lib/libemv.a(emvreadappdata.o)
                0x28061024                emv_read_app_data
 .text          0x280613e8     0x114c ../SDK/lib/libemv.a(emvtac.o)
                0x28061a5c                emv_generate_ac
                0x280613e8                emv_extract_sdad
                0x280616dc                emv_check_action_online
                0x280615b0                emv_check_action_default
                0x28061968                emv_change_ec_balance
                0x28061848                emv_check_action_denial
 .text          0x28062534      0x890 ../SDK/lib/libemv.a(emvtermrisk.o)
                0x28062534                emv_terminal_risk_manage
 .text          0x28062dc4     0x1328 ../SDK/lib/libemv.a(emvtlv.o)
                0x28062dc4                emv_get_len
                0x280635d8                emv_get_data_element_from_77
                0x28062f88                emv_search_tag
                0x2806343c                emv_get_tag_info
                0x28063150                emv_check_data_element_duplicate
                0x28063928                emv_get_data_element_from_bf0c
                0x28063d44                emv_save_tlv
                0x28062e60                emv_get_tag
                0x28063ad0                emv_save_tlv_sub
                0x28063f48                emv_check_tlv
                0x28063780                emv_get_data_element_from_73
 .text          0x280640ec     0x13cc ../SDK/lib/libemv.a(qpbocapi.o)
                0x28064150                emv_qpboc_select_no_gpo
                0x28064124                emv_qpboc_need_save_failed_log
                0x280641c8                emv_qpboc_complete
                0x2806432c                emv_qpboc_get_parameter
                0x280640ec                emv_qpboc_signature_needed
                0x2806410c                emv_qpboc_get_app_type
                0x28064460                emv_qpboc_read_data
                0x28064360                emv_qpboc_pre_transaction
                0x28064348                emv_qpboc_set_parameter
 .text          0x280654b8      0x164 ../SDK/lib/libemv.a(EmvRsa.o)
                0x280654b8                RSA_Calculate
                0x28065564                RSA_CalculateEx
 .text          0x2806561c     0x1afc ../SDK/lib/libemv.a(EmvSHA1.o)
                0x28067020                EMV_SHA1_Init
                0x28066dc8                EMV_SHA1_Update
                0x28066eb8                EMV_SHA1_Fina
                0x28067080                EMV_SHA1_Calc
 .text          0x28067118     0x18dc ../SDK/lib/libemv.a(qpboc_funcs.o)
                0x280674d8                emv_qpboc_require_online_pin
                0x28067e58                DisplayApps
                0x28067718                emv_qpboc_save_tlv
                0x28067430                emv_pboc_check_exception_File
                0x28067128                emv_qpboc_set_faield_log_save_flag
                0x28067f9c                emv_qpboc_readrecord
                0x28067138                emv_qpboc_check_application_expired
                0x28067530                emv_qpboc_online_trans
                0x2806841c                emv_qpboc_build_candidatelist
                0x28067e94                emv_qpboc_dda
                0x280671fc                emv_pboc_check_expired
                0x280677c0                emv_qpboc_gpo
                0x28067a88                emv_qpboc_select
                0x280672f4                emv_fDDA
                0x28067118                emv_qpboc_check_failed_log_save_flag
 .text          0x280689f4       0x7c ../SDK/lib/libcrypto.a(perror.o)
                0x28068a08                SYS_PERROR
                0x280689f4                __errno_location
                0x28068a00                SYS_STRERROR
 .text          0x28068a70       0x70 ../SDK/lib/libcrypto.a(sha1_one.o)
                0x28068a70                SHA1
 .text          0x28068ae0     0x3618 ../SDK/lib/libcrypto.a(sha1dgst.o)
                0x2806bd50                SHA1_Transform
                0x2806a2a4                sha1_block_data_order
                0x28068ae0                SHA1_Init
                0x2806bd58                SHA1_Update
                0x2806a094                SHA1_Final
                0x28068b30                sha1_block_host_order
 .text          0x2806c0f8       0x80 ../SDK/lib/libcrypto.a(fprintf.o)
                0x2806c0f8                SYS_FPRINTF
 .text          0x2806c178       0x64 ../SDK/lib/libcrypto.a(write.o)
                0x2806c178                SYS_WRITE
 .text          0x2806c1dc      0x310 ../SDK/lib/libcrypto.a(console.o)
                0x2806c22c                WriteConsole
                0x2806c2c8                ReadConsole
                0x2806c350                console_init
                0x2806c46c                Printf
 .text          0x2806c4ec       0x60 ../SDK/lib/libcrypto.a(mem_clr.o)
                0x2806c4ec                OPENSSL_cleanse
 .text          0x2806c54c      0x338 ../SDK/lib/libcrypto.a(fopen.o)
                0x2806c5e0                __PutOpenFD
                0x2806c584                __GetOpenRefCnt
                0x2806c5bc                __GetOpenName
                0x2806c6c4                SYS_FOPEN
                0x2806c848                __SetOpenErr
                0x2806c654                __GetOpenFD
                0x2806c594                __GetOpenErr
                0x2806c54c                LocateConsole
 .text          0x2806c884       0xd4 ../SDK/lib/libcrypto.a(open.o)
                0x2806c884                SYS_OPEN
 .text          0x2806c958      0x58c ../SDK/lib/liballoc.a(memmgr.o)
                0x2806cc6c                _free
                0x2806cd60                _FreeProcessMem
                0x2806cdd0                _calloc
                0x2806cca4                _MemLargest
                0x2806ce00                _realloc
                0x2806c9fc                _malloc
                0x2806cb50                _mallocalign
                0x2806c9c0                _HeapInit
                0x2806cd18                _MemCheck
 .text          0x2806cee4      0xb5c ../SDK/lib/libftp.a(ftp.o)
                0x2806d058                ftp_cmd
                0x2806d6d4                ftp_put
                0x2806d80c                ftp_get
                0x2806d014                ftp_logout
                0x2806d5e8                ftp_ls
                0x2806d308                ftp_size
                0x2806d394                ftp_login
 .text          0x2806da40       0xa4 ../SDK/lib/libftp.a(net.o)
                0x2806daa8                Send
                0x2806dabc                Connect
                0x2806da74                Getsockopt
                0x2806da54                Setsockopt
                0x2806da40                Shutdown
                0x2806dad0                Socket
                0x2806da94                Recv
 .text          0x2806dae4      0x110 /cygdrive/c/ArmToolchain/bin/../lib/gcc/arm-linux-uclibc/4.1.2/libgcc.a(_udivsi3.o)
                0x2806dae4                __udivsi3
                0x2806dae4                __aeabi_uidiv
                0x2806dbdc                __aeabi_uidivmod
 .text          0x2806dbf4      0x140 /cygdrive/c/ArmToolchain/bin/../lib/gcc/arm-linux-uclibc/4.1.2/libgcc.a(_divsi3.o)
                0x2806dbf4                __aeabi_idiv
                0x2806dbf4                __divsi3
                0x2806dd1c                __aeabi_idivmod
 .text          0x2806dd34       0xcc /cygdrive/c/ArmToolchain/bin/../lib/gcc/arm-linux-uclibc/4.1.2/libgcc.a(_umodsi3.o)
                0x2806dd34                __umodsi3
 .text          0x2806de00       0xe4 /cygdrive/c/ArmToolchain/bin/../lib/gcc/arm-linux-uclibc/4.1.2/libgcc.a(_modsi3.o)
                0x2806de00                __modsi3
 .text          0x2806dee4       0x10 /cygdrive/c/ArmToolchain/bin/../lib/gcc/arm-linux-uclibc/4.1.2/libgcc.a(_dvmd_lnx.o)
                0x2806dee4                __div0
 .text          0x2806def4      0x56c /cygdrive/c/ArmToolchain/bin/../lib/gcc/arm-linux-uclibc/4.1.2/libgcc.a(_divdi3.o)
                0x2806def4                __divdi3
 .text          0x2806e460        0x0 /cygdrive/c/ArmToolchain/bin/../lib/gcc/arm-linux-uclibc/4.1.2/libgcc.a(_clz.o)
 .text          0x2806e460       0x34 /cygdrive/c/ArmToolchain/arm-linux-uclibc/bin/../../lib/libc.a(tolower.os)
                0x2806e460                __GI_tolower
                0x2806e460                tolower
 .text          0x2806e494       0x34 /cygdrive/c/ArmToolchain/arm-linux-uclibc/bin/../../lib/libc.a(toupper.os)
                0x2806e494                __GI_toupper
                0x2806e494                toupper
 .text          0x2806e4c8        0x0 /cygdrive/c/ArmToolchain/arm-linux-uclibc/bin/../../lib/libc.a(__C_ctype_b.os)
 .text          0x2806e4c8        0x0 /cygdrive/c/ArmToolchain/arm-linux-uclibc/bin/../../lib/libc.a(__C_ctype_tolower.os)
 .text          0x2806e4c8        0x0 /cygdrive/c/ArmToolchain/arm-linux-uclibc/bin/../../lib/libc.a(__C_ctype_toupper.os)
 .text          0x2806e4c8       0x4c /cygdrive/c/ArmToolchain/arm-linux-uclibc/bin/../../lib/libc.a(printf.os)
                0x2806e4c8                printf
                0x2806e4c8                __GI_printf
 .text          0x2806e514       0x10 /cygdrive/c/ArmToolchain/arm-linux-uclibc/bin/../../lib/libc.a(vsprintf.os)
                0x2806e514                vsprintf
 .text          0x2806e524       0x30 /cygdrive/c/ArmToolchain/arm-linux-uclibc/bin/../../lib/libc.a(snprintf.os)
                0x2806e524                __GI_snprintf
                0x2806e524                snprintf
 .text          0x2806e554       0x34 /cygdrive/c/ArmToolchain/arm-linux-uclibc/bin/../../lib/libc.a(sprintf.os)
                0x2806e554                sprintf
                0x2806e554                __GI_sprintf
 .text          0x2806e588       0xc4 /cygdrive/c/ArmToolchain/arm-linux-uclibc/bin/../../lib/libc.a(vsnprintf.os)
                0x2806e588                __GI_vsnprintf
                0x2806e588                vsnprintf
 .text          0x2806e64c      0x174 /cygdrive/c/ArmToolchain/arm-linux-uclibc/bin/../../lib/libc.a(_stdio.os)
                0x2806e6ac                __stdio_init_mutex
                0x2806e6d4                _stdio_term
                0x2806e64c                _stdio_init
 .text          0x2806e7c0       0x30 /cygdrive/c/ArmToolchain/arm-linux-uclibc/bin/../../lib/libc.a(_wcommit.os)
                0x2806e7c0                __stdio_wcommit
 .text          0x2806e7f0       0x48 /cygdrive/c/ArmToolchain/arm-linux-uclibc/bin/../../lib/libc.a(_cs_funcs.os)
                0x2806e7f0                _cs_close
                0x2806e7f8                _cs_seek
                0x2806e830                _cs_read
                0x2806e828                _cs_write
 .text          0x2806e838      0x7f8 /cygdrive/c/ArmToolchain/arm-linux-uclibc/bin/../../lib/libc.a(vfprintf.os)
                0x2806e908                __GI_vfprintf
                0x2806e908                vfprintf
 .text          0x2806f030       0x98 /cygdrive/c/ArmToolchain/arm-linux-uclibc/bin/../../lib/libc.a(_ppfs_init.os)
                0x2806f030                _ppfs_init
 .text          0x2806f0c8       0x38 /cygdrive/c/ArmToolchain/arm-linux-uclibc/bin/../../lib/libc.a(_ppfs_prepargs.os)
                0x2806f0c8                _ppfs_prepargs
 .text          0x2806f100      0x19c /cygdrive/c/ArmToolchain/arm-linux-uclibc/bin/../../lib/libc.a(_ppfs_setargs.os)
                0x2806f100                _ppfs_setargs
 .text          0x2806f29c      0x5a0 /cygdrive/c/ArmToolchain/arm-linux-uclibc/bin/../../lib/libc.a(_ppfs_parsespec.os)
                0x2806f2f8                _ppfs_parsespec
 .text          0x2806f83c       0xe0 /cygdrive/c/ArmToolchain/arm-linux-uclibc/bin/../../lib/libc.a(vswprintf.os)
                0x2806f83c                vswprintf
                0x2806f83c                __GI_vswprintf
 .text          0x2806f91c      0x8c8 /cygdrive/c/ArmToolchain/arm-linux-uclibc/bin/../../lib/libc.a(vfwprintf.os)
                0x2806f968                __GI_vfwprintf
                0x2806f968                vfwprintf
 .text          0x280701e4       0x9c /cygdrive/c/ArmToolchain/arm-linux-uclibc/bin/../../lib/libc.a(fputws.os)
                0x280701e4                __GI_fputws
                0x280701e4                fputws
 .text          0x28070280       0x34 /cygdrive/c/ArmToolchain/arm-linux-uclibc/bin/../../lib/libc.a(fputs_unlocked.os)
                0x28070280                __GI_fputs_unlocked
                0x28070280                fputs_unlocked
 .text          0x280702b4       0xa4 /cygdrive/c/ArmToolchain/arm-linux-uclibc/bin/../../lib/libc.a(fwrite_unlocked.os)
                0x280702b4                __GI_fwrite_unlocked
                0x280702b4                fwrite_unlocked
 .text          0x28070358       0x34 /cygdrive/c/ArmToolchain/arm-linux-uclibc/bin/../../lib/libc.a(fputws_unlocked.os)
                0x28070358                __GI_fputws_unlocked
                0x28070358                fputws_unlocked
 *fill*         0x2807038c        0x4 00000000
 .text          0x28070390       0x30 /cygdrive/c/ArmToolchain/arm-linux-uclibc/bin/../../lib/libc.a(memcmp.os)
                0x28070390                __GI_memcmp
                0x28070390                memcmp
 .text          0x280703c0       0x10 /cygdrive/c/ArmToolchain/arm-linux-uclibc/bin/../../lib/libc.a(memcpy.os)
                0x280703c0                memcpy
                0x280703c0                __GI_memcpy
 .text          0x280703d0       0x10 /cygdrive/c/ArmToolchain/arm-linux-uclibc/bin/../../lib/libc.a(memmove.os)
                0x280703d0                memmove
                0x280703d0                __GI_memmove
 .text          0x280703e0       0xa0 /cygdrive/c/ArmToolchain/arm-linux-uclibc/bin/../../lib/libc.a(memset.os)
                0x280703e0                __GI_memset
                0x280703e0                memset
 .text          0x28070480       0x20 /cygdrive/c/ArmToolchain/arm-linux-uclibc/bin/../../lib/libc.a(strcmp.os)
                0x28070480                __GI_strcoll
                0x28070480                __GI_strcmp
                0x28070480                strcoll
                0x28070480                strcmp
 .text          0x280704a0       0x60 /cygdrive/c/ArmToolchain/arm-linux-uclibc/bin/../../lib/libc.a(strlen.os)
                0x280704a0                strlen
                0x280704a0                __GI_strlen
 .text          0x28070500       0xfc /cygdrive/c/ArmToolchain/arm-linux-uclibc/bin/../../lib/libc.a(memchr.os)
                0x28070500                __GI_memchr
                0x28070500                memchr
 .text          0x280705fc       0x28 /cygdrive/c/ArmToolchain/arm-linux-uclibc/bin/../../lib/libc.a(strcat.os)
                0x280705fc                strcat
                0x280705fc                __GI_strcat
 .text          0x28070624      0x108 /cygdrive/c/ArmToolchain/arm-linux-uclibc/bin/../../lib/libc.a(strchr.os)
                0x28070624                __GI_strchr
                0x28070624                strchr
 .text          0x2807072c       0x1c /cygdrive/c/ArmToolchain/arm-linux-uclibc/bin/../../lib/libc.a(strcpy.os)
                0x2807072c                strcpy
                0x2807072c                __GI_strcpy
 .text          0x28070748       0xbc /cygdrive/c/ArmToolchain/arm-linux-uclibc/bin/../../lib/libc.a(strncpy.os)
                0x28070748                strncpy
                0x28070748                __GI_strncpy
 .text          0x28070804       0xe0 /cygdrive/c/ArmToolchain/arm-linux-uclibc/bin/../../lib/libc.a(strnlen.os)
                0x28070804                strnlen
                0x28070804                __GI_strnlen
 .text          0x280708e4       0x44 /cygdrive/c/ArmToolchain/arm-linux-uclibc/bin/../../lib/libc.a(strrchr.os)
                0x280708e4                strrchr
                0x280708e4                __GI_strrchr
 .text          0x28070928       0xf4 /cygdrive/c/ArmToolchain/arm-linux-uclibc/bin/../../lib/libc.a(strstr.os)
                0x28070928                strstr
                0x28070928                __GI_strstr
 .text          0x28070a1c       0x14 /cygdrive/c/ArmToolchain/arm-linux-uclibc/bin/../../lib/libc.a(__glibc_strerror_r.os)
                0x28070a1c                __GI___glibc_strerror_r
                0x28070a1c                __glibc_strerror_r
 .text          0x28070a30       0xf8 /cygdrive/c/ArmToolchain/arm-linux-uclibc/bin/../../lib/libc.a(__xpg_strerror_r.os)
                0x28070a30                __xpg_strerror_r
                0x28070a30                __GI___xpg_strerror_r
 .text          0x28070b28        0x0 /cygdrive/c/ArmToolchain/arm-linux-uclibc/bin/../../lib/libc.a(_string_syserrmsgs.os)
 .text          0x28070b28       0x24 /cygdrive/c/ArmToolchain/arm-linux-uclibc/bin/../../lib/libc.a(wcslen.os)
                0x28070b28                wcslen
                0x28070b28                __GI_wcslen
 .text          0x28070b4c       0x30 /cygdrive/c/ArmToolchain/arm-linux-uclibc/bin/../../lib/libc.a(wcsnlen.os)
                0x28070b4c                wcsnlen
                0x28070b4c                __GI_wcsnlen
 .text          0x28070b7c       0x20 /cygdrive/c/ArmToolchain/arm-linux-uclibc/bin/../../lib/libc.a(isatty.os)
                0x28070b7c                isatty
                0x28070b7c                __GI_isatty
 .text          0x28070b9c       0x74 /cygdrive/c/ArmToolchain/arm-linux-uclibc/bin/../../lib/libc.a(tcgetattr.os)
                0x28070b9c                __GI_tcgetattr
                0x28070b9c                tcgetattr
 .text          0x28070c10      0x284 /cygdrive/c/ArmToolchain/arm-linux-uclibc/bin/../../lib/libc.a(ntop.os)
                0x28070c10                inet_pton
                0x28070cfc                __GI_inet_ntop
                0x28070c10                __GI_inet_pton
                0x28070cfc                inet_ntop
 .text          0x28070e94       0x24 /cygdrive/c/ArmToolchain/arm-linux-uclibc/bin/../../lib/libc.a(inet_makeaddr.os)
                0x28070e94                inet_addr
                0x28070e94                __GI_inet_addr
 .text          0x28070eb8       0x18 /cygdrive/c/ArmToolchain/arm-linux-uclibc/bin/../../lib/libc.a(raise.os)
                0x28070eb8                __raise
                0x28070eb8                __GI_raise
                0x28070eb8                raise
 .text          0x28070ed0        0xc /cygdrive/c/ArmToolchain/arm-linux-uclibc/bin/../../lib/libc.a(atol.os)
                0x28070ed0                atol
                0x28070ed0                __GI_atol
                0x28070ed0                atoi
                0x28070ed0                __GI_atoi
 .text          0x28070edc        0x8 /cygdrive/c/ArmToolchain/arm-linux-uclibc/bin/../../lib/libc.a(strtol.os)
                0x28070edc                strtol
                0x28070edc                __GI_strtol
 .text          0x28070ee4      0x1b8 /cygdrive/c/ArmToolchain/arm-linux-uclibc/bin/../../lib/libc.a(_stdlib_strto_l.os)
                0x28070ee4                _stdlib_strto_l
 .text          0x2807109c       0x2c /cygdrive/c/ArmToolchain/arm-linux-uclibc/bin/../../lib/libc.a(close.os)
                0x2807109c                __GI_close
                0x2807109c                __libc_close
                0x2807109c                close
 .text          0x280710c8       0x2c /cygdrive/c/ArmToolchain/arm-linux-uclibc/bin/../../lib/libc.a(getpid.os)
                0x280710c8                getpid
                0x280710c8                __libc_getpid
                0x280710c8                __GI_getpid
 .text          0x280710f4       0x50 /cygdrive/c/ArmToolchain/arm-linux-uclibc/bin/../../lib/libc.a(ioctl.os)
                0x280710f4                ioctl
                0x280710f4                __GI_ioctl
 .text          0x28071144       0x2c /cygdrive/c/ArmToolchain/arm-linux-uclibc/bin/../../lib/libc.a(kill.os)
                0x28071144                kill
                0x28071144                __GI_kill
 .text          0x28071170       0x64 /cygdrive/c/ArmToolchain/arm-linux-uclibc/bin/../../lib/libc.a(llseek.os)
                0x28071170                __GI_lseek64
                0x28071170                __libc_lseek64
                0x28071170                lseek64
 .text          0x280711d4       0x2c /cygdrive/c/ArmToolchain/arm-linux-uclibc/bin/../../lib/libc.a(read.os)
                0x280711d4                __GI_read
                0x280711d4                __libc_read
                0x280711d4                read
 .text          0x28071200       0x2c /cygdrive/c/ArmToolchain/arm-linux-uclibc/bin/../../lib/libc.a(write.os)
                0x28071200                __GI_write
                0x28071200                write
                0x28071200                __libc_write
 .text          0x2807122c        0xc /cygdrive/c/ArmToolchain/arm-linux-uclibc/bin/../../lib/libc.a(btowc.os)
                0x2807122c                __GI_btowc
                0x2807122c                btowc
 .text          0x28071238       0x50 /cygdrive/c/ArmToolchain/arm-linux-uclibc/bin/../../lib/libc.a(wcrtomb.os)
                0x28071238                __GI_wcrtomb
                0x28071238                wcrtomb
 .text          0x28071288       0x3c /cygdrive/c/ArmToolchain/arm-linux-uclibc/bin/../../lib/libc.a(mbsrtowcs.os)
                0x28071288                __GI_mbsrtowcs
                0x28071288                mbsrtowcs
 .text          0x280712c4       0x20 /cygdrive/c/ArmToolchain/arm-linux-uclibc/bin/../../lib/libc.a(wcsrtombs.os)
                0x280712c4                __GI_wcsrtombs
                0x280712c4                wcsrtombs